current directory: /Users/karannagpal/Desktop/the_unknown_explorer/vendor/bundle/ruby/4.0.0/gems/rmagick-4.3.0/ext/RMagick
/usr/local/opt/ruby/bin/ruby extconf.rb
checking for brew... yes
checking for Ruby version >= 2.3.0... yes
checking for pkg-config... yes
Package MagickCore was not found in the pkg-config search path.
Perhaps you should add the directory containing `MagickCore.pc'
to the PKG_CONFIG_PATH environment variable
Package 'MagickCore' not found


[31m[1mERROR: Can't install RMagick 4.3.0.
Can't find the ImageMagick library or one of the dependent libraries.
Check the mkmf.log file for more detailed information.
[0m

*** extconf.rb failed ***
Could not create Makefile due to some reason, probably lack of necessary
libraries and/or headers.  Check the mkmf.log file for more details.  You may
need configuration options.

Provided configuration options:
	--with-opt-dir
	--with-opt-include=${opt-dir}/include
	--without-opt-include
	--with-opt-lib=${opt-dir}/lib
	--without-opt-lib
	--with-make-prog
	--without-make-prog
	--srcdir=.
	--curdir
	--ruby=/usr/local/Cellar/ruby/4.0.3/bin/$(RUBY_BASE_NAME)

To see why this extension failed to compile, please check the mkmf.log which can be found here:

  /Users/karannagpal/Desktop/the_unknown_explorer/vendor/bundle/ruby/4.0.0/extensions/x86_64-darwin-23/4.0.0/rmagick-4.3.0/mkmf.log

extconf failed, exit code 1
